// Jest Snapshot v1, https://goo.gl/fbAQLP

exports[`Vista AboutView.vue Validaci√≥n de match con el snapshot 1`] = `
<div>
  <h1>About</h1>
  <p>Esta es la pagina About</p>
</div>
`;
