// Jest Snapshot v1, https://goo.gl/fbAQLP

exports[`Vista ContactView.vue Validaci√≥n de match con el snapshot 1`] = `
<div>
  <h1>Contact</h1>
  <p>Esta es la pagina Contact</p>
</div>
`;
